
 RUN  v2.1.9 C:/Users/stanc/github/simple-cli

 Γ£ô tests/scraper.test.ts (23 tests) 7ms
 Γ¥» tests/editBlock.test.ts (0 test)
 Γ£ô tests/messageHandling.test.ts (20 tests) 7ms
 Γ£ô tests/webContext.test.ts (23 tests) 10ms
 Γ¥» tests/fileOperations.test.ts (0 test)
 Γ£ô tests/swarm/task.test.ts (20 tests) 15ms
node.exe : stderr | tests/router.test.ts > router > routeTask > should fall back to heuristics 
on orchestrator error
At line:1 char:1
+ & "C:\Program Files\nodejs/node.exe" "C:\Program Files\nodejs/node_mo ...
+ ~~~~~~~~~~~~~~~~~~~~~~~~~~~~~~~~~~~~~~~~~~~~~~~~~~~~~~~~~~~~~~~~~~~~~
    + CategoryInfo          : NotSpecified: (stderr | tests/...hestrator error:String) [], Remo 
   teException
    + FullyQualifiedErrorId : NativeCommandError
 
Routing error, using default: Error: API error
    at [90mC:\Users\stanc\github\simple-cli\[39mtests\router.test.ts:159:58
    at [90mfile:///C:/Users/stanc/github/simple-cli/[39mnode_modules/[4m@vitest/runner[24m/d
ist/index.js:146:14
    at [90mfile:///C:/Users/stanc/github/simple-cli/[39mnode_modules/[4m@vitest/runner[24m/d
ist/index.js:533:11
    at runWithTimeout [90m(file:///C:/Users/stanc/github/simple-cli/[39mnode_modules/[4m@vite
st/runner[24m/dist/index.js:39:7[90m)[39m
    at runTest [90m(file:///C:/Users/stanc/github/simple-cli/[39mnode_modules/[4m@vitest/runn
er[24m/dist/index.js:1056:17[90m)[39m
[90m    at processTicksAndRejections (node:internal/process/task_queues:103:5)[39m
    at runSuite [90m(file:///C:/Users/stanc/github/simple-cli/[39mnode_modules/[4m@vitest/run
ner[24m/dist/index.js:1205:15[90m)[39m
    at runSuite [90m(file:///C:/Users/stanc/github/simple-cli/[39mnode_modules/[4m@vitest/run
ner[24m/dist/index.js:1205:15[90m)[39m
    at runSuite [90m(file:///C:/Users/stanc/github/simple-cli/[39mnode_modules/[4m@vitest/run
ner[24m/dist/index.js:1205:15[90m)[39m
    at runFiles [90m(file:///C:/Users/stanc/github/simple-cli/[39mnode_modules/[4m@vitest/run
ner[24m/dist/index.js:1262:5[90m)[39m

stderr | tests/router.test.ts > router > routeTask > should use keyword-based routing for 
refactor tasks
Routing error, using default: Error: Fallback test
    at [90mC:\Users\stanc\github\simple-cli\[39mtests\router.test.ts:185:58
    at [90mfile:///C:/Users/stanc/github/simple-cli/[39mnode_modules/[4m@vitest/runner[24m/d
ist/index.js:146:14
    at [90mfile:///C:/Users/stanc/github/simple-cli/[39mnode_modules/[4m@vitest/runner[24m/d
ist/index.js:533:11
    at runWithTimeout [90m(file:///C:/Users/stanc/github/simple-cli/[39mnode_modules/[4m@vite
st/runner[24m/dist/index.js:39:7[90m)[39m
    at runTest [90m(file:///C:/Users/stanc/github/simple-cli/[39mnode_modules/[4m@vitest/runn
er[24m/dist/index.js:1056:17[90m)[39m
[90m    at processTicksAndRejections (node:internal/process/task_queues:103:5)[39m
    at runSuite [90m(file:///C:/Users/stanc/github/simple-cli/[39mnode_modules/[4m@vitest/run
ner[24m/dist/index.js:1205:15[90m)[39m
    at runSuite [90m(file:///C:/Users/stanc/github/simple-cli/[39mnode_modules/[4m@vitest/run
ner[24m/dist/index.js:1205:15[90m)[39m
    at runSuite [90m(file:///C:/Users/stanc/github/simple-cli/[39mnode_modules/[4m@vitest/run
ner[24m/dist/index.js:1205:15[90m)[39m
    at runFiles [90m(file:///C:/Users/stanc/github/simple-cli/[39mnode_modules/[4m@vitest/run
ner[24m/dist/index.js:1262:5[90m)[39m

stderr | tests/router.test.ts > router > routeTask > should use keyword-based routing for test 
tasks
Routing error, using default: Error: Fallback test
    at [90mC:\Users\stanc\github\simple-cli\[39mtests\router.test.ts:197:58
    at [90mfile:///C:/Users/stanc/github/simple-cli/[39mnode_modules/[4m@vitest/runner[24m/d
ist/index.js:146:14
    at [90mfile:///C:/Users/stanc/github/simple-cli/[39mnode_modules/[4m@vitest/runner[24m/d
ist/index.js:533:11
    at runWithTimeout [90m(file:///C:/Users/stanc/github/simple-cli/[39mnode_modules/[4m@vite
st/runner[24m/dist/index.js:39:7[90m)[39m
    at runTest [90m(file:///C:/Users/stanc/github/simple-cli/[39mnode_modules/[4m@vitest/runn
er[24m/dist/index.js:1056:17[90m)[39m
[90m    at processTicksAndRejections (node:internal/process/task_queues:103:5)[39m
    at runSuite [90m(file:///C:/Users/stanc/github/simple-cli/[39mnode_modules/[4m@vitest/run
ner[24m/dist/index.js:1205:15[90m)[39m
    at runSuite [90m(file:///C:/Users/stanc/github/simple-cli/[39mnode_modules/[4m@vitest/run
ner[24m/dist/index.js:1205:15[90m)[39m
    at runSuite [90m(file:///C:/Users/stanc/github/simple-cli/[39mnode_modules/[4m@vitest/run
ner[24m/dist/index.js:1205:15[90m)[39m
    at runFiles [90m(file:///C:/Users/stanc/github/simple-cli/[39mnode_modules/[4m@vitest/run
ner[24m/dist/index.js:1262:5[90m)[39m

stderr | tests/router.test.ts > router > routeTask > should use keyword-based routing for typo 
fixes
Routing error, using default: Error: Fallback test
    at [90mC:\Users\stanc\github\simple-cli\[39mtests\router.test.ts:209:58
    at [90mfile:///C:/Users/stanc/github/simple-cli/[39mnode_modules/[4m@vitest/runner[24m/d
ist/index.js:146:14
    at [90mfile:///C:/Users/stanc/github/simple-cli/[39mnode_modules/[4m@vitest/runner[24m/d
ist/index.js:533:11
    at runWithTimeout [90m(file:///C:/Users/stanc/github/simple-cli/[39mnode_modules/[4m@vite
st/runner[24m/dist/index.js:39:7[90m)[39m
    at runTest [90m(file:///C:/Users/stanc/github/simple-cli/[39mnode_modules/[4m@vitest/runn
er[24m/dist/index.js:1056:17[90m)[39m
[90m    at processTicksAndRejections (node:internal/process/task_queues:103:5)[39m
    at runSuite [90m(file:///C:/Users/stanc/github/simple-cli/[39mnode_modules/[4m@vitest/run
ner[24m/dist/index.js:1205:15[90m)[39m
    at runSuite [90m(file:///C:/Users/stanc/github/simple-cli/[39mnode_modules/[4m@vitest/run
ner[24m/dist/index.js:1205:15[90m)[39m
    at runSuite [90m(file:///C:/Users/stanc/github/simple-cli/[39mnode_modules/[4m@vitest/run
ner[24m/dist/index.js:1205:15[90m)[39m
    at runFiles [90m(file:///C:/Users/stanc/github/simple-cli/[39mnode_modules/[4m@vitest/run
ner[24m/dist/index.js:1262:5[90m)[39m

stderr | tests/router.test.ts > router > task classification scenarios > should classify 
"Complex refactoring" appropriately
Routing error, using default: Error: Test
    at [90mC:\Users\stanc\github\simple-cli\[39mtests\router.test.ts:293:60
    at [90mfile:///C:/Users/stanc/github/simple-cli/[39mnode_modules/[4m@vitest/runner[24m/d
ist/index.js:146:14
    at [90mfile:///C:/Users/stanc/github/simple-cli/[39mnode_modules/[4m@vitest/runner[24m/d
ist/index.js:533:11
    at runWithTimeout [90m(file:///C:/Users/stanc/github/simple-cli/[39mnode_modules/[4m@vite
st/runner[24m/dist/index.js:39:7[90m)[39m
    at runTest [90m(file:///C:/Users/stanc/github/simple-cli/[39mnode_modules/[4m@vitest/runn
er[24m/dist/index.js:1056:17[90m)[39m
[90m    at processTicksAndRejections (node:internal/process/task_queues:103:5)[39m
    at runSuite [90m(file:///C:/Users/stanc/github/simple-cli/[39mnode_modules/[4m@vitest/run
ner[24m/dist/index.js:1205:15[90m)[39m
    at runSuite [90m(file:///C:/Users/stanc/github/simple-cli/[39mnode_modules/[4m@vitest/run
ner[24m/dist/index.js:1205:15[90m)[39m
    at runSuite [90m(file:///C:/Users/stanc/github/simple-cli/[39mnode_modules/[4m@vitest/run
ner[24m/dist/index.js:1205:15[90m)[39m
    at runFiles [90m(file:///C:/Users/stanc/github/simple-cli/[39mnode_modules/[4m@vitest/run
ner[24m/dist/index.js:1262:5[90m)[39m

stderr | tests/router.test.ts > router > task classification scenarios > should classify "Unit 
test writing" appropriately
Routing error, using default: Error: Test
    at [90mC:\Users\stanc\github\simple-cli\[39mtests\router.test.ts:293:60
    at [90mfile:///C:/Users/stanc/github/simple-cli/[39mnode_modules/[4m@vitest/runner[24m/d
ist/index.js:146:14
    at [90mfile:///C:/Users/stanc/github/simple-cli/[39mnode_modules/[4m@vitest/runner[24m/d
ist/index.js:533:11
    at runWithTimeout [90m(file:///C:/Users/stanc/github/simple-cli/[39mnode_modules/[4m@vite
st/runner[24m/dist/index.js:39:7[90m)[39m
    at runTest [90m(file:///C:/Users/stanc/github/simple-cli/[39mnode_modules/[4m@vitest/runn
er[24m/dist/index.js:1056:17[90m)[39m
[90m    at processTicksAndRejections (node:internal/process/task_queues:103:5)[39m
    at runSuite [90m(file:///C:/Users/stanc/github/simple-cli/[39mnode_modules/[4m@vitest/run
ner[24m/dist/index.js:1205:15[90m)[39m
    at runSuite [90m(file:///C:/Users/stanc/github/simple-cli/[39mnode_modules/[4m@vitest/run
ner[24m/dist/index.js:1205:15[90m)[39m
    at runSuite [90m(file:///C:/Users/stanc/github/simple-cli/[39mnode_modules/[4m@vitest/run
ner[24m/dist/index.js:1205:15[90m)[39m
    at runFiles [90m(file:///C:/Users/stanc/github/simple-cli/[39mnode_modules/[4m@vitest/run
ner[24m/dist/index.js:1262:5[90m)[39m

stderr | tests/router.test.ts > router > task classification scenarios > should classify "Typo 
fix" appropriately
Routing error, using default: Error: Test
    at [90mC:\Users\stanc\github\simple-cli\[39mtests\router.test.ts:293:60
    at [90mfile:///C:/Users/stanc/github/simple-cli/[39mnode_modules/[4m@vitest/runner[24m/d
ist/index.js:146:14
    at [90mfile:///C:/Users/stanc/github/simple-cli/[39mnode_modules/[4m@vitest/runner[24m/d
ist/index.js:533:11
    at runWithTimeout [90m(file:///C:/Users/stanc/github/simple-cli/[39mnode_modules/[4m@vite
st/runner[24m/dist/index.js:39:7[90m)[39m
    at runTest [90m(file:///C:/Users/stanc/github/simple-cli/[39mnode_modules/[4m@vitest/runn
er[24m/dist/index.js:1056:17[90m)[39m
[90m    at processTicksAndRejections (node:internal/process/task_queues:103:5)[39m
    at runSuite [90m(file:///C:/Users/stanc/github/simple-cli/[39mnode_modules/[4m@vitest/run
ner[24m/dist/index.js:1205:15[90m)[39m
    at runSuite [90m(file:///C:/Users/stanc/github/simple-cli/[39mnode_modules/[4m@vitest/run
ner[24m/dist/index.js:1205:15[90m)[39m
    at runSuite [90m(file:///C:/Users/stanc/github/simple-cli/[39mnode_modules/[4m@vitest/run
ner[24m/dist/index.js:1205:15[90m)[39m
    at runFiles [90m(file:///C:/Users/stanc/github/simple-cli/[39mnode_modules/[4m@vitest/run
ner[24m/dist/index.js:1262:5[90m)[39m

stderr | tests/router.test.ts > router > task classification scenarios > should classify 
"Feature implementation" appropriately
Routing error, using default: Error: Test
    at [90mC:\Users\stanc\github\simple-cli\[39mtests\router.test.ts:293:60
    at [90mfile:///C:/Users/stanc/github/simple-cli/[39mnode_modules/[4m@vitest/runner[24m/d
ist/index.js:146:14
    at [90mfile:///C:/Users/stanc/github/simple-cli/[39mnode_modules/[4m@vitest/runner[24m/d
ist/index.js:533:11
    at runWithTimeout [90m(file:///C:/Users/stanc/github/simple-cli/[39mnode_modules/[4m@vite
st/runner[24m/dist/index.js:39:7[90m)[39m
    at runTest [90m(file:///C:/Users/stanc/github/simple-cli/[39mnode_modules/[4m@vitest/runn
er[24m/dist/index.js:1056:17[90m)[39m
[90m    at processTicksAndRejections (node:internal/process/task_queues:103:5)[39m
    at runSuite [90m(file:///C:/Users/stanc/github/simple-cli/[39mnode_modules/[4m@vitest/run
ner[24m/dist/index.js:1205:15[90m)[39m
    at runSuite [90m(file:///C:/Users/stanc/github/simple-cli/[39mnode_modules/[4m@vitest/run
ner[24m/dist/index.js:1205:15[90m)[39m
    at runSuite [90m(file:///C:/Users/stanc/github/simple-cli/[39mnode_modules/[4m@vitest/run
ner[24m/dist/index.js:1205:15[90m)[39m
    at runFiles [90m(file:///C:/Users/stanc/github/simple-cli/[39mnode_modules/[4m@vitest/run
ner[24m/dist/index.js:1262:5[90m)[39m

stderr | tests/router.test.ts > router > task classification scenarios > should classify 
"Simple import fix" appropriately
Routing error, using default: Error: Test
    at [90mC:\Users\stanc\github\simple-cli\[39mtests\router.test.ts:293:60
    at [90mfile:///C:/Users/stanc/github/simple-cli/[39mnode_modules/[4m@vitest/runner[24m/d
ist/index.js:146:14
    at [90mfile:///C:/Users/stanc/github/simple-cli/[39mnode_modules/[4m@vitest/runner[24m/d
ist/index.js:533:11
    at runWithTimeout [90m(file:///C:/Users/stanc/github/simple-cli/[39mnode_modules/[4m@vite
st/runner[24m/dist/index.js:39:7[90m)[39m
    at runTest [90m(file:///C:/Users/stanc/github/simple-cli/[39mnode_modules/[4m@vitest/runn
er[24m/dist/index.js:1056:17[90m)[39m
[90m    at processTicksAndRejections (node:internal/process/task_queues:103:5)[39m
    at runSuite [90m(file:///C:/Users/stanc/github/simple-cli/[39mnode_modules/[4m@vitest/run
ner[24m/dist/index.js:1205:15[90m)[39m
    at runSuite [90m(file:///C:/Users/stanc/github/simple-cli/[39mnode_modules/[4m@vitest/run
ner[24m/dist/index.js:1205:15[90m)[39m
    at runSuite [90m(file:///C:/Users/stanc/github/simple-cli/[39mnode_modules/[4m@vitest/run
ner[24m/dist/index.js:1205:15[90m)[39m
    at runFiles [90m(file:///C:/Users/stanc/github/simple-cli/[39mnode_modules/[4m@vitest/run
ner[24m/dist/index.js:1262:5[90m)[39m

stderr | tests/router.test.ts > router > task classification scenarios > should classify 
"Complex debugging" appropriately
Routing error, using default: Error: Test
    at [90mC:\Users\stanc\github\simple-cli\[39mtests\router.test.ts:293:60
    at [90mfile:///C:/Users/stanc/github/simple-cli/[39mnode_modules/[4m@vitest/runner[24m/d
ist/index.js:146:14
    at [90mfile:///C:/Users/stanc/github/simple-cli/[39mnode_modules/[4m@vitest/runner[24m/d
ist/index.js:533:11
    at runWithTimeout [90m(file:///C:/Users/stanc/github/simple-cli/[39mnode_modules/[4m@vite
st/runner[24m/dist/index.js:39:7[90m)[39m
    at runTest [90m(file:///C:/Users/stanc/github/simple-cli/[39mnode_modules/[4m@vitest/runn
er[24m/dist/index.js:1056:17[90m)[39m
[90m    at processTicksAndRejections (node:internal/process/task_queues:103:5)[39m
    at runSuite [90m(file:///C:/Users/stanc/github/simple-cli/[39mnode_modules/[4m@vitest/run
ner[24m/dist/index.js:1205:15[90m)[39m
    at runSuite [90m(file:///C:/Users/stanc/github/simple-cli/[39mnode_modules/[4m@vitest/run
ner[24m/dist/index.js:1205:15[90m)[39m
    at runSuite [90m(file:///C:/Users/stanc/github/simple-cli/[39mnode_modules/[4m@vitest/run
ner[24m/dist/index.js:1205:15[90m)[39m
    at runFiles [90m(file:///C:/Users/stanc/github/simple-cli/[39mnode_modules/[4m@vitest/run
ner[24m/dist/index.js:1262:5[90m)[39m

 Γ¥» tests/router.test.ts (23 tests | 1 failed) 29ms
   ├ù router > loadTierConfig > should detect provider from model name prefix 10ms
     ΓåÆ expected 'openai' to be 'anthropic' // Object.is equality
 Γ£ô tests/tools/memory.test.ts (22 tests) 210ms
 Γ£ô tests/watcher.test.ts (17 tests) 71ms
stdout | tests/mcp/manager.test.ts > MCPManager > connect > should connect to server
Γ£ô Connected to MCP server: test-server

stdout | tests/mcp/manager.test.ts > MCPManager > connect > should handle connection errors
Γ£ô Connected to MCP server: failing-server

stdout | tests/mcp/manager.test.ts > MCPManager > disconnect > should disconnect from server
Γ£ô Connected to MCP server: test-server

stdout | tests/mcp/manager.test.ts > MCPManager > tools discovery > should get all tools from connected servers
Γ£ô Connected to MCP server: server1

stdout | tests/mcp/manager.test.ts > MCPManager > tools discovery > should get specific tool by name
Γ£ô Connected to MCP server: server1

stdout | tests/mcp/manager.test.ts > MCPManager > resources discovery > should get all resources from connected servers
Γ£ô Connected to MCP server: server1

stdout | tests/mcp/manager.test.ts > MCPManager > prompts discovery > should get all prompts from connected servers
Γ£ô Connected to MCP server: server1

stdout | tests/mcp/manager.test.ts > MCPManager > server status > should track server statuses
Γ£ô Connected to MCP server: server1

stdout | tests/mcp/manager.test.ts > MCPManager > status change callback > should call callback on status change
Γ£ô Connected to MCP server: test-server

 Γ£ô tests/mcp/manager.test.ts (21 tests) 25ms
 Γ£ô tests/lib/agent.test.ts (22 tests) 14ms
 Γ£ô tests/lib/editor.test.ts (20 tests) 95ms
 Γ£ô tests/tools/write_files.test.ts (16 tests) 131ms
 Γ£ô tests/skills.test.ts (25 tests) 115ms
 Γ¥» tests/security.test.ts (0 test)
 Γ£ô tests/commands.test.ts (26 tests) 192ms
 Γ£ô tests/urlHandling.test.ts (26 tests) 10ms
 Γ£ô tests/tools/grep.test.ts (19 tests) 324ms
 Γ£ô tests/tools/glob.test.ts (15 tests) 309ms
 Γ£ô tests/swarm/worker.test.ts (21 tests) 13ms
stderr | tests/mcp.test.ts > mcp > MCP configuration loading > should handle missing config 
gracefully
Promise returned by `expect(actual).resolves.toEqual(expected)` was not awaited. Vitest 
currently auto-awaits hanging assertions at the end of the test, but this will cause the test 
to fail in Vitest 3. Please remember to await the assertion.
    at C:/Users/stanc/github/simple-cli/tests/mcp.test.ts:135:46

 Γ£ô tests/mcp.test.ts (14 tests) 21ms
 Γ¥» tests/tools/runCommand.test.ts (19 tests | 7 failed) 617ms
   ├ù runCommand > working directory > should execute command in specified directory 36ms
     ΓåÆ expected 1 to be +0 // Object.is equality
   ├ù runCommand > timeout handling > should timeout long-running commands 31ms
     ΓåÆ expected false to be true // Object.is equality
   ├ù runCommand > environment variables > should pass custom environment variables 30ms
     ΓåÆ expected '$TEST_VAR' to contain 'custom_value'
   ├ù runCommand > environment variables > should filter sensitive environment variables 29ms
     ΓåÆ expected '' to contain 'NORMAL_VAR=allowed'
   ├ù runCommand > shell features > should support piping 44ms
     ΓåÆ expected 255 to be +0 // Object.is equality
   ├ù runCommand > file operations via shell > should be able to count lines in a file 35ms
     ΓåÆ expected 1 to be +0 // Object.is equality
   ├ù runCommand > file operations via shell > should list files in directory 41ms
     ΓåÆ expected 1 to be +0 // Object.is equality
 Γ£ô tests/repoMap.test.ts (24 tests) 268ms
 Γ£ô tests/context.test.ts (24 tests) 434ms
 Γ£ô tests/swarm/coordinator.test.ts (19 tests) 1324ms
   Γ£ô SwarmCoordinator > events > should emit task:start event 519ms
 Γ£ô tests/tools/scraper.test.ts (16 tests) 114ms
stdout | tests/providers.test.ts > providers > should call OpenAI SDK with correct parameters
[DEBUG] TypeLLM Response: {"thought":"thinking","tool":"none","args":{},"message":"Hello!"}...

stdout | tests/providers.test.ts > providers > should handle empty response
[DEBUG] TypeLLM Response: {"thought":"","tool":"none","args":{},"message":""}...

stdout | tests/providers.test.ts > createProvider > should detect OpenAI when OPENAI_API_KEY is set
≡ƒñû Using TypeLLM with model: gpt-5-mini

stdout | tests/providers.test.ts > createProvider > should use CLAW_MODEL if in claw mode
≡ƒñû Using TypeLLM with model: claude-3-opus

stdout | tests/providers.test.ts > conversation handling > should handle multi-turn conversations
[DEBUG] TypeLLM Response: {"thought":"","tool":"none","args":{},"message":"Response 2"}...

 Γ£ô tests/providers.test.ts (8 tests) 11ms
 Γ¥» tests/integration/orchestrator.test.ts (15 tests | 4 failed) 1438ms
   ├ù orchestrator integration > tool execution flow > should execute read -> write flow 24ms
     ΓåÆ Failed to load url ../../src/tools/writeFiles.js (resolved id: ../../src/tools/writeFiles.js) in C:/Users/stanc/github/simple-cli/tests/integration/orchestrator.test.ts. Does the file exist?
   ├ù orchestrator integration > tool execution flow > should handle command execution with environment 60ms
     ΓåÆ expected '$TEST_VAR' to contain 'hello_world'
   Γ£ô orchestrator integration > permission handling > should identify read permissions correctly 1150ms
   ├ù orchestrator integration > permission handling > should identify write permissions correctly 57ms
     ΓåÆ expected undefined to be 'write' // Object.is equality
   ├ù orchestrator integration > system prompt building > should include tool definitions in prompt 60ms
     ΓåÆ expected '## Built-in Tools\n\n### analyzeFile\ΓÇª' to contain 'writeFiles'
 Γ£ô tests/tools/readFiles.test.ts (9 tests) 73ms
 Γ£ô tests/advancedDiscovery.test.ts (1 test) 469ms
   Γ£ô Advanced Discovery > should find a python tool with internal docstrings 468ms
 Γ£ô tests/scriptSkills.test.ts (2 tests) 545ms
   Γ£ô Script Skills > should load a python script tool via json metadata 487ms
 Γ¥» tests/registry.test.ts (11 tests | 5 failed) 1037ms
   ├ù registry > loadTools > should load all built-in tools 609ms
     ΓåÆ expected false to be true // Object.is equality
   ├ù registry > loadTools > should have correct permissions for tools 39ms
     ΓåÆ expected undefined to be 'write' // Object.is equality
   ├ù registry > getToolDefinitions > should format tool definitions for LLM prompt 45ms
     ΓåÆ expected '## Built-in Tools\n\n### analyzeFile\ΓÇª' to contain 'writeFiles'
   ├ù registry > tool execution > should execute writeFiles tool via registry 36ms
     ΓåÆ Cannot read properties of undefined (reading 'execute')
   ├ù registry > tool schema validation > should validate writeFiles input 34ms
     ΓåÆ expected [Function] to not throw an error but 'TypeError: Cannot read properties of ΓÇª' was thrown
 Γ£ô tests/projectSkills.test.ts (3 tests) 947ms
   Γ£ô Project Skills (Custom Tools) > should load a custom tool from the skills directory 498ms
   Γ£ô Project Skills (Custom Tools) > should reload tools via the reloadTools tool 409ms
(node:33260) [DEP0190] DeprecationWarning: Passing args to a child process with shell option 
true can lead to security vulnerabilities, as the arguments are not escaped, only concatenated.
(Use `node --trace-deprecation ...` to show where the warning was created)
 Γ£ô tests/tools/git.test.ts (16 tests) 4548ms
   Γ£ô git tool > tool definition > should have correct name 336ms
   Γ£ô git tool > tool definition > should have correct permission 308ms
   Γ£ô git tool > git status > should return status of repo 471ms
   Γ£ô git tool > git status > should show clean repo 420ms
   Γ£ô git tool > git add > should add files to staging 353ms
   Γ£ô git tool > git commit > should commit staged changes 322ms
 Γ¥» tests/lib/git.test.ts (23 tests | 1 failed) 8313ms
   Γ£ô GitManager > isRepo > should return true for git repo 524ms
   Γ£ô GitManager > isRepo > should return false for non-repo 463ms
   Γ£ô GitManager > status > should return status 443ms
   Γ£ô GitManager > status > should show staged files 585ms
   Γ£ô GitManager > add > should stage a file 586ms
   Γ£ô GitManager > add > should stage multiple files 364ms
   Γ£ô GitManager > addAll > should stage all changes 356ms
   Γ£ô GitManager > commit > should create a commit 346ms
   Γ£ô GitManager > diff > should show unstaged diff 346ms
   Γ£ô GitManager > diff > should show staged diff 438ms
   Γ£ô GitManager > log > should return commit history 339ms
   Γ£ô GitManager > log > should limit results 1060ms
   Γ£ô GitManager > lastCommit > should return latest commit info 313ms
   Γ£ô GitManager > undoLastCommit > should undo the last commit 604ms
   Γ£ô GitManager > currentBranch > should return current branch name 326ms
   Γ£ô GitManager > trackedFiles > should return list of tracked files 337ms
   Γ£ô GitManager > changedFiles > should return modified and new files 330ms
   ├ù GitManager > rootDir > should return repository root 168ms
     ΓåÆ expected 'C:/Users/stanc/AppData/Local/Temp/simΓÇª' to be 'C:\Users\stanc\AppData\Local\Temp\simΓÇª' // Object.is equality
 Γ£ô tests/tools/linter.test.ts (15 tests | 3 skipped) 12434ms
   Γ£ô linter tool > Python linting > should pass valid Python 558ms
   Γ£ô linter tool > JavaScript linting > should pass valid JavaScript 2759ms
   Γ£ô linter tool > JavaScript linting > should detect syntax errors when node is available 2265ms
   Γ£ô linter tool > TypeScript linting > should identify TypeScript files 3046ms
   Γ£ô linter tool > Shell linting > should lint shell scripts 3383ms

ΓÄ»ΓÄ»ΓÄ»ΓÄ»ΓÄ»ΓÄ» Failed Suites 3 ΓÄ»ΓÄ»ΓÄ»ΓÄ»ΓÄ»ΓÄ»ΓÄ»

 FAIL  tests/editBlock.test.ts [ tests/editBlock.test.ts ]
 FAIL  tests/fileOperations.test.ts [ tests/fileOperations.test.ts ]
 FAIL  tests/security.test.ts [ tests/security.test.ts ]
Error: Failed to load url ../src/tools/writeFiles.js (resolved id: ../src/tools/writeFiles.js) 
in C:/Users/stanc/github/simple-cli/tests/editBlock.test.ts. Does the file exist?
 Γ¥» loadAndTransform node_modules/vite/dist/node/chunks/dep-BK3b2jBa.js:51969:17

ΓÄ»ΓÄ»ΓÄ»ΓÄ»ΓÄ»ΓÄ»ΓÄ»ΓÄ»ΓÄ»ΓÄ»ΓÄ»ΓÄ»ΓÄ»ΓÄ»ΓÄ»ΓÄ»ΓÄ»ΓÄ»ΓÄ»ΓÄ»ΓÄ»ΓÄ»ΓÄ»[1/21]ΓÄ»

ΓÄ»ΓÄ»ΓÄ»ΓÄ»ΓÄ»ΓÄ» Failed Tests 18 ΓÄ»ΓÄ»ΓÄ»ΓÄ»ΓÄ»ΓÄ»ΓÄ»

 FAIL  tests/registry.test.ts > registry > loadTools > should load all built-in tools
AssertionError: expected false to be true // Object.is equality

[32m- Expected[39m
[31m+ Received[39m

[32m- true[39m
[31m+ false[39m

 Γ¥» tests/registry.test.ts:18:39
     16|       expect(tools.size).toBeGreaterThanOrEqual(3);
     17|       expect(tools.has('readFiles')).toBe(true);
     18|       expect(tools.has('writeFiles')).toBe(true);
       |                                       ^
     19|       expect(tools.has('runCommand')).toBe(true);
     20|     });

ΓÄ»ΓÄ»ΓÄ»ΓÄ»ΓÄ»ΓÄ»ΓÄ»ΓÄ»ΓÄ»ΓÄ»ΓÄ»ΓÄ»ΓÄ»ΓÄ»ΓÄ»ΓÄ»ΓÄ»ΓÄ»ΓÄ»ΓÄ»ΓÄ»ΓÄ»ΓÄ»[2/21]ΓÄ»

 FAIL  tests/registry.test.ts > registry > loadTools > should have correct permissions for tools
AssertionError: expected undefined to be 'write' // Object.is equality

[32m- Expected:[39m 
"write"

[31m+ Received:[39m 
undefined

 Γ¥» tests/registry.test.ts:41:51
     39| 
     40|       expect(tools.get('readFiles')?.permission).toBe('read');
     41|       expect(tools.get('writeFiles')?.permission).toBe('write');
       |                                                   ^
     42|       expect(tools.get('runCommand')?.permission).toBe('execute');
     43|     });

ΓÄ»ΓÄ»ΓÄ»ΓÄ»ΓÄ»ΓÄ»ΓÄ»ΓÄ»ΓÄ»ΓÄ»ΓÄ»ΓÄ»ΓÄ»ΓÄ»ΓÄ»ΓÄ»ΓÄ»ΓÄ»ΓÄ»ΓÄ»ΓÄ»ΓÄ»ΓÄ»[3/21]ΓÄ»

 FAIL  tests/registry.test.ts > registry > getToolDefinitions > should format tool definitions 
for LLM prompt
AssertionError: expected '## Built-in Tools\n\n### analyzeFile\ΓÇª' to contain 'writeFiles'

[32m- Expected[39m
[31m+ Received[39m

[32m- writeFiles[39m
[31m+ ## Built-in Tools[39m
[31m+[39m
[31m+ ### analyzeFile[39m
[31m+ Perform structured analysis of a TypeScript/JavaScript file to extract classes, 
functions, and interfaces.[39m
[31m+ Permission: read[39m
[31m+ Parameters:[39m
[31m+   - path: string - Path to the file to analyze[39m
[31m+[39m
[31m+ ### delete_file[39m
[31m+ Delete a file from the filesystem. Use with caution.[39m
[31m+ Permission: write[39m
[31m+ Parameters:[39m
[31m+   - path: string - Path to the file to delete[39m
[31m+   - confirm?: boolean - Confirmation flag (must be true to execute)[39m
[31m+[39m
[31m+ ### move_file[39m
[31m+ Move or rename a file from source to destination. Creates destination directory if it 
does not exist.[39m
[31m+ Permission: write[39m
[31m+ Parameters:[39m
[31m+   - source: string - Source file path[39m
[31m+   - destination: string - Destination file path[39m
[31m+   - overwrite?: boolean - Overwrite if destination exists[39m
[31m+[39m
[31m+ ### git[39m
[31m+ Perform git operations: status, diff, log, add, commit, branch, checkout, stash, show, 
blame[39m
[31m+ Permission: execute[39m
[31m+ Parameters:[39m
[31m+   - operation: enum(status|diff|log|add|commit|branch|checkout|stash|show|blame) - Git 
operation to perform[39m
[31m+   - args?: array - Additional arguments for the operation[39m
[31m+   - cwd?: string - Working directory[39m
[31m+   - message?: string - Commit message (for commit operation)[39m
[31m+   - files?: array - Files to operate on[39m
[31m+[39m
[31m+ ### glob[39m
[31m+ Find files matching a glob pattern. Supports ** for recursive matching, * for wildcards, 
and ? for single characters.[39m
[31m+ Permission: read[39m
[31m+ Parameters:[39m
[31m+   - pattern: string - Glob pattern to match files (e.g., "**/*.ts", "src/**/*.js")[39m
[31m+   - cwd?: string - Working directory to search in[39m
[31m+   - maxResults?: number - Maximum number of results[39m
[31m+   - includeDirectories?: boolean - Include directories in results[39m
[31m+   - ignore?: array - Patterns to ignore[39m
[31m+[39m
[31m+ ### grep[39m
[31m+ Search for a pattern in files using regular expressions. Uses ripgrep if available for 
better performance.[39m
[31m+ Permission: read[39m
[31m+ Parameters:[39m
[31m+   - pattern: string - Regular expression pattern to search for[39m
[31m+   - path?: string - File or directory to search in[39m
[31m+   - glob?: string - File pattern to filter (e.g., "*.ts")[39m
[31m+   - ignoreCase?: boolean - Case insensitive search[39m
[31m+   - maxResults?: number - Maximum number of matches[39m
[31m+   - contextLines?: number - Number of context lines before and after[39m
[31m+   - filesOnly?: boolean - Only return file names, not matches[39m
[31m+   - includeHidden?: boolean - Include hidden files[39m
[31m+[39m
[31m+ ### lint[39m
[31m+ Check a source file for syntax errors and code quality issues. Supports Python, 
JavaScript, TypeScript, Go, Rust, and shell scripts.[39m
[31m+ Permission: read[39m
[31m+ Parameters:[39m
[31m+   - path: string - Path to file to lint[39m
[31m+   - fix?: boolean - Attempt to auto-fix issues[39m
[31m+[39m
[31m+ ### list_dir[39m
[31m+ List the contents of a directory, showing file sizes and directory indicators[39m
[31m+ Permission: read[39m
[31m+ Parameters:[39m
[31m+   - path?: string - Directory path to list (default: current directory)[39m
[31m+   - recursive?: boolean - Whether to list recursively[39m
[31m+   - depth?: number - Max depth for recursive listing[39m
[31m+[39m
[31m+ ### memory[39m
[31m+ Store and retrieve persistent memory/context. Operations: get, set, delete, list, 
search, clear[39m
[31m+ Permission: write[39m
[31m+ Parameters:[39m
[31m+   - operation: enum(get|set|delete|list|search|clear) - Memory operation[39m
[31m+   - key?: string - Memory key[39m
[31m+   - value?: string - Value to store[39m
[31m+   - query?: string - Search query[39m
[31m+   - namespace?: string - Memory namespace[39m
[31m+[39m
[31m+ ### readFiles[39m
[31m+ Read the contents of one or more files from the filesystem[39m
[31m+ Permission: read[39m
[31m+ Parameters:[39m
[31m+   - paths: array - Array of file paths to read[39m
[31m+   - encoding?: string - File encoding (default: utf-8)[39m
[31m+[39m
[31m+ ### reloadTools[39m
[31m+ Reload all tools to pick up new skills or changes to existing tools[39m
[31m+ Permission: read[39m
[31m+[39m
[31m+ ### runCommand[39m
[31m+ Execute a shell command with timeout and environment restrictions[39m
[31m+ Permission: execute[39m
[31m+ Parameters:[39m
[31m+   - command: string - The shell command to execute[39m
[31m+   - cwd?: string - Working directory for the command[39m
[31m+   - timeout?: number - Timeout in milliseconds (default: 30000)[39m
[31m+   - env?: record - Additional environment variables[39m
[31m+[39m
[31m+ ### scheduler[39m
[31m+ Schedule a task to run at a specific interval or time.[39m
[31m+ Permission: execute[39m
[31m+ Parameters:[39m
[31m+   - action: enum(create|list|delete) - Operation to perform[39m
[31m+   - taskName: string - Unique name for the task (e.g. "cleanup-files")[39m
[31m+   - command?: string - Full command to execute. If omitted, will default to simple -claw 
with the intent.[39m
[31m+   - intent?: string - The mission intent to use if command is omitted.[39m
[31m+   - interval?: string - Interval (e.g., "1h", "daily", "weekly"). For Linux, this helps 
set cron.[39m
[31m+   - cron?: string - Specific cron expression for Linux (e.g. "0 * * * *")[39m
[31m+[39m
[31m+ ### scrapeUrl[39m
[31m+ Fetch a URL and convert its content to markdown. Useful for reading web pages, 
documentation, or API responses.[39m
[31m+ Permission: read[39m
[31m+ Parameters:[39m
[31m+   - url: string - URL to scrape[39m
[31m+   - convertToMarkdown?: boolean - Convert HTML to Markdown[39m
[31m+   - verifySSL?: boolean - Verify SSL certificates[39m
[31m+   - timeout?: number - Timeout in milliseconds[39m
[31m+[39m
[31m+ ### write_files[39m
[31m+ Write or modify files. ALWAYS provide an array of objects in the "files" parameter, even 
for a single file. Each object must have "path" and either "content" (for full write) or 
"searchReplace" (for edits).[39m
[31m+ Permission: write[39m
[31m+ Parameters:[39m
[31m+   - files: array - Array of files to write/modify[39m
[31m+[39m
[31m+ ### write_to_file[39m
[31m+ Write content to a single file. Overwrites if it exists.[39m
[31m+ Permission: write[39m
[31m+ Parameters:[39m
[31m+   - path: string - File path to write[39m
[31m+   - content: string - Content to write[39m
[31m+[39m
[31m+[39m
[31m+ ## Project Skills (Custom Tools)[39m
[31m+[39m
[31m+ ### clawBrain[39m
[31m+ Manages the autonomous memory structure (init, reflect, prune).[39m
[31m+ Permission: execute[39m
[31m+[39m
[31m+ ### brain[39m
[31m+ [Simple-CLI AI-Created] Autonomous Memory Manager[39m
[31m+ Permission: execute[39m
[31m+[39m
[31m+ ### ghost[39m
[31m+ [Simple-CLI AI-Created] Ghost Mode Manager - Platform Agnostic Adapter Pattern[39m
[31m+ Permission: execute[39m
[31m+[39m
[31m+ ### clawGhost[39m
[31m+ Manages background persistence and scheduling (Ghost Mode).[39m
[31m+ Permission: execute[39m
[31m+[39m
[31m+ ### jit-generator[39m
[31m+ [Simple-CLI AI-Created] JIT Agent Generator Implementation Uses the main CLI's provider 
system - no reimplementation![39m
[31m+ Permission: execute[39m
[31m+[39m
[31m+ ### clawJit[39m
[31m+ Dynamically generates a specialized AGENT.md based on high-level user intent (The 
"Instant Soul").[39m
[31m+ Permission: execute[39m
[31m+[39m
[31m+ ### helloSkill[39m
[31m+ A test skill that says hello[39m
[31m+ Permission: read[39m
[31m+ Parameters:[39m
[31m+   - name: string - The name to say hello to[39m
[31m+[39m
[31m+ ### pythonHello[39m
[31m+ A test python skill[39m
[31m+ Permission: execute[39m
[31m+[39m
[31m+ ### winHello[39m
[31m+ A test windows batch skill[39m
[31m+ Permission: execute[39m
[31m+[39m
[31m+ ### testSkill[39m
[31m+ A custom test skill[39m
[31m+ Permission: read[39m
[31m+ Parameters:[39m
[31m+   - input: string[39m
[31m+[39m
[31m+ ### pythonInternal[39m
[31m+ This is a python script with internal documentation.[39m
[31m+ Permission: execute[39m
[31m+[39m
[31m+ ### claw-cli[39m
[31m+ !/usr/bin/env node CLI wrapper for claw tool Usage: node tools/claw-cli.js <action> 
[skillName] [args...][39m
[31m+ Permission: execute[39m
[31m+[39m
[31m+ ### claw[39m
[31m+ Manage and execute OpenClaw skills (Discovery, Inspection, Execution)[39m
[31m+ Permission: read[39m
[31m+ Parameters:[39m
[31m+   - action: enum(list|inspect|run) - Operation to perform[39m
[31m+   - skillName?: string - Name of the skill to inspect or run[39m
[31m+   - args?: record - Arguments to pass to the skill when running[39m
[31m+[39m
[31m+ ### helloProject[39m
[31m+ A sample tool stored in the project-level tools folder[39m
[31m+ Permission: read[39m
[31m+ Parameters:[39m
[31m+   - name: string - The name to greet[39m
[31m+[39m

 Γ¥» tests/registry.test.ts:52:27
     50| 
     51|       expect(definitions).toContain('readFiles');
     52|       expect(definitions).toContain('writeFiles');
       |                           ^
     53|       expect(definitions).toContain('runCommand');
     54|       expect(definitions).toContain('Permission:');

ΓÄ»ΓÄ»ΓÄ»ΓÄ»ΓÄ»ΓÄ»ΓÄ»ΓÄ»ΓÄ»ΓÄ»ΓÄ»ΓÄ»ΓÄ»ΓÄ»ΓÄ»ΓÄ»ΓÄ»ΓÄ»ΓÄ»ΓÄ»ΓÄ»ΓÄ»ΓÄ»[4/21]ΓÄ»

 FAIL  tests/registry.test.ts > registry > tool execution > should execute writeFiles tool via 
registry
TypeError: Cannot read properties of undefined (reading 'execute')
 Γ¥» tests/registry.test.ts:99:40
     97|       const filePath = join(testDir, 'new.txt');
     98| 
     99|       const result = await writeFiles!.execute({
       |                                        ^
    100|         files: [{ path: filePath, content: 'new content' }]
    101|       });

ΓÄ»ΓÄ»ΓÄ»ΓÄ»ΓÄ»ΓÄ»ΓÄ»ΓÄ»ΓÄ»ΓÄ»ΓÄ»ΓÄ»ΓÄ»ΓÄ»ΓÄ»ΓÄ»ΓÄ»ΓÄ»ΓÄ»ΓÄ»ΓÄ»ΓÄ»ΓÄ»[5/21]ΓÄ»

 FAIL  tests/registry.test.ts > registry > tool schema validation > should validate writeFiles 
input
AssertionError: expected [Function] to not throw an error but 'TypeError: Cannot read 
properties of ΓÇª' was thrown

[32m- Expected:[39m 
undefined

[31m+ Received:[39m 
"TypeError: Cannot read properties of undefined (reading 'inputSchema')"

 Γ¥» tests/registry.test.ts:136:15
    134|       expect(() => writeFiles!.inputSchema.parse({
    135|         files: [{ path: 'file.txt', content: 'test' }]
    136|       })).not.toThrow();
       |               ^
    137| 
    138|       // Invalid input

ΓÄ»ΓÄ»ΓÄ»ΓÄ»ΓÄ»ΓÄ»ΓÄ»ΓÄ»ΓÄ»ΓÄ»ΓÄ»ΓÄ»ΓÄ»ΓÄ»ΓÄ»ΓÄ»ΓÄ»ΓÄ»ΓÄ»ΓÄ»ΓÄ»ΓÄ»ΓÄ»[6/21]ΓÄ»

 FAIL  tests/router.test.ts > router > loadTierConfig > should detect provider from model name 
prefix
AssertionError: expected 'openai' to be 'anthropic' // Object.is equality

Expected: [32m"anthropic"[39m
Received: [31m"openai"[39m

 Γ¥» tests/router.test.ts:60:38
     58|       const tiers = loadTierConfig();
     59| 
     60|       expect(tiers.get(1)?.provider).toBe('anthropic');
       |                                      ^
     61| 
     62|       // Restore

ΓÄ»ΓÄ»ΓÄ»ΓÄ»ΓÄ»ΓÄ»ΓÄ»ΓÄ»ΓÄ»ΓÄ»ΓÄ»ΓÄ»ΓÄ»ΓÄ»ΓÄ»ΓÄ»ΓÄ»ΓÄ»ΓÄ»ΓÄ»ΓÄ»ΓÄ»ΓÄ»[7/21]ΓÄ»

 FAIL  tests/integration/orchestrator.test.ts > orchestrator integration > tool execution flow 
> should execute read -> write flow
Error: Failed to load url ../../src/tools/writeFiles.js (resolved id: 
../../src/tools/writeFiles.js) in 
C:/Users/stanc/github/simple-cli/tests/integration/orchestrator.test.ts. Does the file exist?
 Γ¥» loadAndTransform node_modules/vite/dist/node/chunks/dep-BK3b2jBa.js:51969:17

ΓÄ»ΓÄ»ΓÄ»ΓÄ»ΓÄ»ΓÄ»ΓÄ»ΓÄ»ΓÄ»ΓÄ»ΓÄ»ΓÄ»ΓÄ»ΓÄ»ΓÄ»ΓÄ»ΓÄ»ΓÄ»ΓÄ»ΓÄ»ΓÄ»ΓÄ»ΓÄ»[8/21]ΓÄ»

 FAIL  tests/integration/orchestrator.test.ts > orchestrator integration > tool execution flow 
> should handle command execution with environment
AssertionError: expected '$TEST_VAR' to contain 'hello_world'

Expected: [32m"hello_world"[39m
Received: [31m"$TEST_VAR"[39m

 Γ¥» tests/integration/orchestrator.test.ts:166:29
    164| 
    165|       expect(result.exitCode).toBe(0);
    166|       expect(result.stdout).toContain('hello_world');
       |                             ^
    167|     });
    168|   });

ΓÄ»ΓÄ»ΓÄ»ΓÄ»ΓÄ»ΓÄ»ΓÄ»ΓÄ»ΓÄ»ΓÄ»ΓÄ»ΓÄ»ΓÄ»ΓÄ»ΓÄ»ΓÄ»ΓÄ»ΓÄ»ΓÄ»ΓÄ»ΓÄ»ΓÄ»ΓÄ»[9/21]ΓÄ»

 FAIL  tests/integration/orchestrator.test.ts > orchestrator integration > permission handling 
> should identify write permissions correctly
AssertionError: expected undefined to be 'write' // Object.is equality

[32m- Expected:[39m 
"write"

[31m+ Received:[39m 
undefined

 Γ¥» tests/integration/orchestrator.test.ts:215:38
    213| 
    214|       const writeFiles = tools.get('writeFiles');
    215|       expect(writeFiles?.permission).toBe('write');
       |                                      ^
    216|     });
    217| 

ΓÄ»ΓÄ»ΓÄ»ΓÄ»ΓÄ»ΓÄ»ΓÄ»ΓÄ»ΓÄ»ΓÄ»ΓÄ»ΓÄ»ΓÄ»ΓÄ»ΓÄ»ΓÄ»ΓÄ»ΓÄ»ΓÄ»ΓÄ»ΓÄ»ΓÄ»[10/21]ΓÄ»

 FAIL  tests/integration/orchestrator.test.ts > orchestrator integration > system prompt 
building > should include tool definitions in prompt
AssertionError: expected '## Built-in Tools\n\n### analyzeFile\ΓÇª' to contain 'writeFiles'

[32m- Expected[39m
[31m+ Received[39m

[32m- writeFiles[39m
[31m+ ## Built-in Tools[39m
[31m+[39m
[31m+ ### analyzeFile[39m
[31m+ Perform structured analysis of a TypeScript/JavaScript file to extract classes, 
functions, and interfaces.[39m
[31m+ Permission: read[39m
[31m+ Parameters:[39m
[31m+   - path: string - Path to the file to analyze[39m
[31m+[39m
[31m+ ### delete_file[39m
[31m+ Delete a file from the filesystem. Use with caution.[39m
[31m+ Permission: write[39m
[31m+ Parameters:[39m
[31m+   - path: string - Path to the file to delete[39m
[31m+   - confirm?: boolean - Confirmation flag (must be true to execute)[39m
[31m+[39m
[31m+ ### move_file[39m
[31m+ Move or rename a file from source to destination. Creates destination directory if it 
does not exist.[39m
[31m+ Permission: write[39m
[31m+ Parameters:[39m
[31m+   - source: string - Source file path[39m
[31m+   - destination: string - Destination file path[39m
[31m+   - overwrite?: boolean - Overwrite if destination exists[39m
[31m+[39m
[31m+ ### git[39m
[31m+ Perform git operations: status, diff, log, add, commit, branch, checkout, stash, show, 
blame[39m
[31m+ Permission: execute[39m
[31m+ Parameters:[39m
[31m+   - operation: enum(status|diff|log|add|commit|branch|checkout|stash|show|blame) - Git 
operation to perform[39m
[31m+   - args?: array - Additional arguments for the operation[39m
[31m+   - cwd?: string - Working directory[39m
[31m+   - message?: string - Commit message (for commit operation)[39m
[31m+   - files?: array - Files to operate on[39m
[31m+[39m
[31m+ ### glob[39m
[31m+ Find files matching a glob pattern. Supports ** for recursive matching, * for wildcards, 
and ? for single characters.[39m
[31m+ Permission: read[39m
[31m+ Parameters:[39m
[31m+   - pattern: string - Glob pattern to match files (e.g., "**/*.ts", "src/**/*.js")[39m
[31m+   - cwd?: string - Working directory to search in[39m
[31m+   - maxResults?: number - Maximum number of results[39m
[31m+   - includeDirectories?: boolean - Include directories in results[39m
[31m+   - ignore?: array - Patterns to ignore[39m
[31m+[39m
[31m+ ### grep[39m
[31m+ Search for a pattern in files using regular expressions. Uses ripgrep if available for 
better performance.[39m
[31m+ Permission: read[39m
[31m+ Parameters:[39m
[31m+   - pattern: string - Regular expression pattern to search for[39m
[31m+   - path?: string - File or directory to search in[39m
[31m+   - glob?: string - File pattern to filter (e.g., "*.ts")[39m
[31m+   - ignoreCase?: boolean - Case insensitive search[39m
[31m+   - maxResults?: number - Maximum number of matches[39m
[31m+   - contextLines?: number - Number of context lines before and after[39m
[31m+   - filesOnly?: boolean - Only return file names, not matches[39m
[31m+   - includeHidden?: boolean - Include hidden files[39m
[31m+[39m
[31m+ ### lint[39m
[31m+ Check a source file for syntax errors and code quality issues. Supports Python, 
JavaScript, TypeScript, Go, Rust, and shell scripts.[39m
[31m+ Permission: read[39m
[31m+ Parameters:[39m
[31m+   - path: string - Path to file to lint[39m
[31m+   - fix?: boolean - Attempt to auto-fix issues[39m
[31m+[39m
[31m+ ### list_dir[39m
[31m+ List the contents of a directory, showing file sizes and directory indicators[39m
[31m+ Permission: read[39m
[31m+ Parameters:[39m
[31m+   - path?: string - Directory path to list (default: current directory)[39m
[31m+   - recursive?: boolean - Whether to list recursively[39m
[31m+   - depth?: number - Max depth for recursive listing[39m
[31m+[39m
[31m+ ### memory[39m
[31m+ Store and retrieve persistent memory/context. Operations: get, set, delete, list, 
search, clear[39m
[31m+ Permission: write[39m
[31m+ Parameters:[39m
[31m+   - operation: enum(get|set|delete|list|search|clear) - Memory operation[39m
[31m+   - key?: string - Memory key[39m
[31m+   - value?: string - Value to store[39m
[31m+   - query?: string - Search query[39m
[31m+   - namespace?: string - Memory namespace[39m
[31m+[39m
[31m+ ### readFiles[39m
[31m+ Read the contents of one or more files from the filesystem[39m
[31m+ Permission: read[39m
[31m+ Parameters:[39m
[31m+   - paths: array - Array of file paths to read[39m
[31m+   - encoding?: string - File encoding (default: utf-8)[39m
[31m+[39m
[31m+ ### reloadTools[39m
[31m+ Reload all tools to pick up new skills or changes to existing tools[39m
[31m+ Permission: read[39m
[31m+[39m
[31m+ ### runCommand[39m
[31m+ Execute a shell command with timeout and environment restrictions[39m
[31m+ Permission: execute[39m
[31m+ Parameters:[39m
[31m+   - command: string - The shell command to execute[39m
[31m+   - cwd?: string - Working directory for the command[39m
[31m+   - timeout?: number - Timeout in milliseconds (default: 30000)[39m
[31m+   - env?: record - Additional environment variables[39m
[31m+[39m
[31m+ ### scheduler[39m
[31m+ Schedule a task to run at a specific interval or time.[39m
[31m+ Permission: execute[39m
[31m+ Parameters:[39m
[31m+   - action: enum(create|list|delete) - Operation to perform[39m
[31m+   - taskName: string - Unique name for the task (e.g. "cleanup-files")[39m
[31m+   - command?: string - Full command to execute. If omitted, will default to simple -claw 
with the intent.[39m
[31m+   - intent?: string - The mission intent to use if command is omitted.[39m
[31m+   - interval?: string - Interval (e.g., "1h", "daily", "weekly"). For Linux, this helps 
set cron.[39m
[31m+   - cron?: string - Specific cron expression for Linux (e.g. "0 * * * *")[39m
[31m+[39m
[31m+ ### scrapeUrl[39m
[31m+ Fetch a URL and convert its content to markdown. Useful for reading web pages, 
documentation, or API responses.[39m
[31m+ Permission: read[39m
[31m+ Parameters:[39m
[31m+   - url: string - URL to scrape[39m
[31m+   - convertToMarkdown?: boolean - Convert HTML to Markdown[39m
[31m+   - verifySSL?: boolean - Verify SSL certificates[39m
[31m+   - timeout?: number - Timeout in milliseconds[39m
[31m+[39m
[31m+ ### write_files[39m
[31m+ Write or modify files. ALWAYS provide an array of objects in the "files" parameter, even 
for a single file. Each object must have "path" and either "content" (for full write) or 
"searchReplace" (for edits).[39m
[31m+ Permission: write[39m
[31m+ Parameters:[39m
[31m+   - files: array - Array of files to write/modify[39m
[31m+[39m
[31m+ ### write_to_file[39m
[31m+ Write content to a single file. Overwrites if it exists.[39m
[31m+ Permission: write[39m
[31m+ Parameters:[39m
[31m+   - path: string - File path to write[39m
[31m+   - content: string - Content to write[39m
[31m+[39m
[31m+[39m
[31m+ ## Project Skills (Custom Tools)[39m
[31m+[39m
[31m+ ### clawBrain[39m
[31m+ Manages the autonomous memory structure (init, reflect, prune).[39m
[31m+ Permission: execute[39m
[31m+[39m
[31m+ ### brain[39m
[31m+ [Simple-CLI AI-Created] Autonomous Memory Manager[39m
[31m+ Permission: execute[39m
[31m+[39m
[31m+ ### ghost[39m
[31m+ [Simple-CLI AI-Created] Ghost Mode Manager - Platform Agnostic Adapter Pattern[39m
[31m+ Permission: execute[39m
[31m+[39m
[31m+ ### clawGhost[39m
[31m+ Manages background persistence and scheduling (Ghost Mode).[39m
[31m+ Permission: execute[39m
[31m+[39m
[31m+ ### jit-generator[39m
[31m+ [Simple-CLI AI-Created] JIT Agent Generator Implementation Uses the main CLI's provider 
system - no reimplementation![39m
[31m+ Permission: execute[39m
[31m+[39m
[31m+ ### clawJit[39m
[31m+ Dynamically generates a specialized AGENT.md based on high-level user intent (The 
"Instant Soul").[39m
[31m+ Permission: execute[39m
[31m+[39m
[31m+ ### helloSkill[39m
[31m+ A test skill that says hello[39m
[31m+ Permission: read[39m
[31m+ Parameters:[39m
[31m+   - name: string - The name to say hello to[39m
[31m+[39m
[31m+ ### pythonHello[39m
[31m+ A test python skill[39m
[31m+ Permission: execute[39m
[31m+[39m
[31m+ ### winHello[39m
[31m+ A test windows batch skill[39m
[31m+ Permission: execute[39m
[31m+[39m
[31m+ ### pythonInternal[39m
[31m+ This is a python script with internal documentation.[39m
[31m+ Permission: execute[39m
[31m+[39m
[31m+ ### claw-cli[39m
[31m+ !/usr/bin/env node CLI wrapper for claw tool Usage: node tools/claw-cli.js <action> 
[skillName] [args...][39m
[31m+ Permission: execute[39m
[31m+[39m
[31m+ ### claw[39m
[31m+ Manage and execute OpenClaw skills (Discovery, Inspection, Execution)[39m
[31m+ Permission: read[39m
[31m+ Parameters:[39m
[31m+   - action: enum(list|inspect|run) - Operation to perform[39m
[31m+   - skillName?: string - Name of the skill to inspect or run[39m
[31m+   - args?: record - Arguments to pass to the skill when running[39m
[31m+[39m
[31m+ ### helloProject[39m
[31m+ A sample tool stored in the project-level tools folder[39m
[31m+ Permission: read[39m
[31m+ Parameters:[39m
[31m+   - name: string - The name to greet[39m
[31m+[39m

 Γ¥» tests/integration/orchestrator.test.ts:234:27
    232| 
    233|       expect(definitions).toContain('readFiles');
    234|       expect(definitions).toContain('writeFiles');
       |                           ^
    235|       expect(definitions).toContain('runCommand');
    236|       expect(definitions).toContain('Permission:');

ΓÄ»ΓÄ»ΓÄ»ΓÄ»ΓÄ»ΓÄ»ΓÄ»ΓÄ»ΓÄ»ΓÄ»ΓÄ»ΓÄ»ΓÄ»ΓÄ»ΓÄ»ΓÄ»ΓÄ»ΓÄ»ΓÄ»ΓÄ»ΓÄ»ΓÄ»[11/21]ΓÄ»

 FAIL  tests/lib/git.test.ts > GitManager > rootDir > should return repository root
AssertionError: expected 'C:/Users/stanc/AppData/Local/Temp/simΓÇª' to be 
'C:\Users\stanc\AppData\Local\Temp\simΓÇª' // Object.is equality

Expected: [32m"C:[7m\[27mUsers[7m\[27mstanc[7m\[27mAppData[7m\[27mLocal[7m\[27mTemp[
7m\[27msimple-cli-git-test-1770002312956"[39m
Received: [31m"C:[7m/[27mUsers[7m/[27mstanc[7m/[27mAppData[7m/[27mLocal[7m/[27mTemp[
7m/[27msimple-cli-git-test-1770002312956"[39m

 Γ¥» tests/lib/git.test.ts:313:20
    311|       const root = await git.rootDir();
    312| 
    313|       expect(root).toBe(testDir);
       |                    ^
    314|     });
    315|   });

ΓÄ»ΓÄ»ΓÄ»ΓÄ»ΓÄ»ΓÄ»ΓÄ»ΓÄ»ΓÄ»ΓÄ»ΓÄ»ΓÄ»ΓÄ»ΓÄ»ΓÄ»ΓÄ»ΓÄ»ΓÄ»ΓÄ»ΓÄ»ΓÄ»ΓÄ»[12/21]ΓÄ»

 FAIL  tests/tools/runCommand.test.ts > runCommand > working directory > should execute command 
in specified directory
AssertionError: expected 1 to be +0 // Object.is equality

[32m- Expected[39m
[31m+ Received[39m

[32m- 0[39m
[31m+ 1[39m

 Γ¥» tests/tools/runCommand.test.ts:69:31
     67|       });
     68| 
     69|       expect(result.exitCode).toBe(0);
       |                               ^
     70|       expect(result.stdout).toContain('test.txt');
     71|     });

ΓÄ»ΓÄ»ΓÄ»ΓÄ»ΓÄ»ΓÄ»ΓÄ»ΓÄ»ΓÄ»ΓÄ»ΓÄ»ΓÄ»ΓÄ»ΓÄ»ΓÄ»ΓÄ»ΓÄ»ΓÄ»ΓÄ»ΓÄ»ΓÄ»ΓÄ»[13/21]ΓÄ»

 FAIL  tests/tools/runCommand.test.ts > runCommand > timeout handling > should timeout 
long-running commands
AssertionError: expected false to be true // Object.is equality

[32m- Expected[39m
[31m+ Received[39m

[32m- true[39m
[31m+ false[39m

 Γ¥» tests/tools/runCommand.test.ts:90:31
     88|       });
     89| 
     90|       expect(result.timedOut).toBe(true);
       |                               ^
     91|     });
     92| 

ΓÄ»ΓÄ»ΓÄ»ΓÄ»ΓÄ»ΓÄ»ΓÄ»ΓÄ»ΓÄ»ΓÄ»ΓÄ»ΓÄ»ΓÄ»ΓÄ»ΓÄ»ΓÄ»ΓÄ»ΓÄ»ΓÄ»ΓÄ»ΓÄ»ΓÄ»[14/21]ΓÄ»

 FAIL  tests/tools/runCommand.test.ts > runCommand > environment variables > should pass custom 
environment variables
AssertionError: expected '$TEST_VAR' to contain 'custom_value'

Expected: [32m"custom_value"[39m
Received: [31m"$TEST_VAR"[39m

 Γ¥» tests/tools/runCommand.test.ts:111:29
    109|       });
    110| 
    111|       expect(result.stdout).toContain('custom_value');
       |                             ^
    112|     });
    113| 

ΓÄ»ΓÄ»ΓÄ»ΓÄ»ΓÄ»ΓÄ»ΓÄ»ΓÄ»ΓÄ»ΓÄ»ΓÄ»ΓÄ»ΓÄ»ΓÄ»ΓÄ»ΓÄ»ΓÄ»ΓÄ»ΓÄ»ΓÄ»ΓÄ»ΓÄ»[15/21]ΓÄ»

 FAIL  tests/tools/runCommand.test.ts > runCommand > environment variables > should filter 
sensitive environment variables
AssertionError: expected '' to contain 'NORMAL_VAR=allowed'
 Test Files  8 failed | 28 passed (36)

[32m- Expected[39m
[31m+ Received[39m

[32m- NORMAL_VAR=allowed[39m

 Γ¥» tests/tools/runCommand.test.ts:126:29
    124| 
    125|       // NORMAL_VAR should be present, but not the secrets
    126|       expect(result.stdout).toContain('NORMAL_VAR=allowed');
       |                             ^
    127|       expect(result.stdout).not.toContain('secret123');
    128|       expect(result.stdout).not.toContain('token456');

ΓÄ»ΓÄ»ΓÄ»ΓÄ»ΓÄ»ΓÄ»ΓÄ»ΓÄ»ΓÄ»ΓÄ»ΓÄ»ΓÄ»ΓÄ»ΓÄ»ΓÄ»ΓÄ»ΓÄ»ΓÄ»ΓÄ»ΓÄ»ΓÄ»ΓÄ»[16/21]ΓÄ»

 FAIL  tests/tools/runCommand.test.ts > runCommand > shell features > should support piping
AssertionError: expected 255 to be +0 // Object.is equality

[32m- Expected[39m
[31m+ Received[39m

[32m- 0[39m
[31m+ 255[39m

 Γ¥» tests/tools/runCommand.test.ts:151:31
    149|       });
    150| 
    151|       expect(result.exitCode).toBe(0);
       |                               ^
    152|       expect(result.stdout).toContain('hello');
    153|     });

ΓÄ»ΓÄ»ΓÄ»ΓÄ»ΓÄ»ΓÄ»ΓÄ»ΓÄ»ΓÄ»ΓÄ»ΓÄ»ΓÄ»ΓÄ»ΓÄ»ΓÄ»ΓÄ»ΓÄ»ΓÄ»ΓÄ»ΓÄ»ΓÄ»ΓÄ»[17/21]ΓÄ»

 FAIL  tests/tools/runCommand.test.ts > runCommand > file operations via shell > should be able 
to count lines in a file
AssertionError: expected 1 to be +0 // Object.is equality

[32m- Expected[39m
[31m+ Received[39m

[32m- 0[39m
[31m+ 1[39m

 Γ¥» tests/tools/runCommand.test.ts:213:31
    211|       });
    212| 
    213|       expect(result.exitCode).toBe(0);
       |                               ^
    214|       expect(result.stdout.trim()).toBe('3');
    215|     });
      Tests  18 failed | 557 passed | 3 skipped (578)
   Start at  20:18:24
   Duration  15.03s (transform 1.77s, setup 708ms, collect 7.26s, tests 34.17s, environment 8ms, prepare 4.87s)


ΓÄ»ΓÄ»ΓÄ»ΓÄ»ΓÄ»ΓÄ»ΓÄ»ΓÄ»ΓÄ»ΓÄ»ΓÄ»ΓÄ»ΓÄ»ΓÄ»ΓÄ»ΓÄ»ΓÄ»ΓÄ»ΓÄ»ΓÄ»ΓÄ»ΓÄ»[18/21]ΓÄ»

 FAIL  tests/tools/runCommand.test.ts > runCommand > file operations via shell > should list 
files in directory
AssertionError: expected 1 to be +0 // Object.is equality

[32m- Expected[39m
[31m+ Received[39m

[32m- 0[39m
[31m+ 1[39m

 Γ¥» tests/tools/runCommand.test.ts:228:31
    226|       });
    227| 
    228|       expect(result.exitCode).toBe(0);
       |                               ^
    229|       expect(result.stdout).toContain('file1.txt');
    230|       expect(result.stdout).toContain('file2.txt');

ΓÄ»ΓÄ»ΓÄ»ΓÄ»ΓÄ»ΓÄ»ΓÄ»ΓÄ»ΓÄ»ΓÄ»ΓÄ»ΓÄ»ΓÄ»ΓÄ»ΓÄ»ΓÄ»ΓÄ»ΓÄ»ΓÄ»ΓÄ»ΓÄ»ΓÄ»[19/21]ΓÄ»

